// Vitest Snapshot v1, https://vitest.dev/guide/snapshot.html

exports[`Figures Component > renders correctly with required props 1`] = `
<div>
  <div
    class="rounded-[0.625rem] sm:rounded-[1.25rem] border border-[#ECF4FD] inline-flex items-center bg-white gap-4"
  >
    <div>
      Child Element
    </div>
    <div
      class="text-secondary text-center text-[0.6875rem] sm:text-[1.125rem] font-normal leading-[1.03125rem] sm:leading-[1.6875rem] -tracking-[0.01375rem] sm:-tracking-[0.0225rem]"
    >
      Test Description
    </div>
  </div>
</div>
`;
